2025-08-26T00:45:18.460+05:30  INFO 28468 --- [main] com.example.demo.DemoApplication         : Starting DemoApplication using Java 23.0.2 with PID 28468 (C:\Maitrik Personal\Ramesh\demo 8[1]\demo 8\target\classes started by Lenovo in C:\Maitrik Personal\Ramesh\demo 8[1]\demo 8)
2025-08-26T00:45:18.506+05:30  INFO 28468 --- [main] com.example.demo.DemoApplication         : No active profile set, falling back to 1 default profile: "default"
2025-08-26T00:48:23.281+05:30  WARN 28468 --- [main] onfigReactiveWebServerApplicationContext : Exception encountered during context initialization - cancelling refresh attempt: org.springframework.beans.factory.BeanCreationException: Error creating bean with name 'metricsPoller': Invocation of init method failed
2025-08-26T00:48:23.340+05:30  INFO 28468 --- [main] .s.b.a.l.ConditionEvaluationReportLogger : 

Error starting ApplicationContext. To display the condition evaluation report re-run your application with 'debug' enabled.
2025-08-26T00:48:23.431+05:30 ERROR 28468 --- [main] o.s.boot.SpringApplication               : Application run failed

org.springframework.beans.factory.BeanCreationException: Error creating bean with name 'metricsPoller': Invocation of init method failed
	at org.springframework.beans.factory.annotation.InitDestroyAnnotationBeanPostProcessor.postProcessBeforeInitialization(InitDestroyAnnotationBeanPostProcessor.java:222) ~[spring-beans-6.2.9.jar:6.2.9]
	at org.springframework.beans.factory.support.AbstractAutowireCapableBeanFactory.applyBeanPostProcessorsBeforeInitialization(AbstractAutowireCapableBeanFactory.java:429) ~[spring-beans-6.2.9.jar:6.2.9]
	at org.springframework.beans.factory.support.AbstractAutowireCapableBeanFactory.initializeBean(AbstractAutowireCapableBeanFactory.java:1818) ~[spring-beans-6.2.9.jar:6.2.9]
	at org.springframework.beans.factory.support.AbstractAutowireCapableBeanFactory.doCreateBean(AbstractAutowireCapableBeanFactory.java:607) ~[spring-beans-6.2.9.jar:6.2.9]
	at org.springframework.beans.factory.support.AbstractAutowireCapableBeanFactory.createBean(AbstractAutowireCapableBeanFactory.java:529) ~[spring-beans-6.2.9.jar:6.2.9]
	at org.springframework.beans.factory.support.AbstractBeanFactory.lambda$doGetBean$0(AbstractBeanFactory.java:339) ~[spring-beans-6.2.9.jar:6.2.9]
	at org.springframework.beans.factory.support.DefaultSingletonBeanRegistry.getSingleton(DefaultSingletonBeanRegistry.java:373) ~[spring-beans-6.2.9.jar:6.2.9]
	at org.springframework.beans.factory.support.AbstractBeanFactory.doGetBean(AbstractBeanFactory.java:337) ~[spring-beans-6.2.9.jar:6.2.9]
	at org.springframework.beans.factory.support.AbstractBeanFactory.getBean(AbstractBeanFactory.java:202) ~[spring-beans-6.2.9.jar:6.2.9]
	at org.springframework.beans.factory.support.DefaultListableBeanFactory.instantiateSingleton(DefaultListableBeanFactory.java:1222) ~[spring-beans-6.2.9.jar:6.2.9]
	at org.springframework.beans.factory.support.DefaultListableBeanFactory.preInstantiateSingleton(DefaultListableBeanFactory.java:1188) ~[spring-beans-6.2.9.jar:6.2.9]
	at org.springframework.beans.factory.support.DefaultListableBeanFactory.preInstantiateSingletons(DefaultListableBeanFactory.java:1123) ~[spring-beans-6.2.9.jar:6.2.9]
	at org.springframework.context.support.AbstractApplicationContext.finishBeanFactoryInitialization(AbstractApplicationContext.java:987) ~[spring-context-6.2.9.jar:6.2.9]
	at org.springframework.context.support.AbstractApplicationContext.refresh(AbstractApplicationContext.java:627) ~[spring-context-6.2.9.jar:6.2.9]
	at org.springframework.boot.web.reactive.context.ReactiveWebServerApplicationContext.refresh(ReactiveWebServerApplicationContext.java:66) ~[spring-boot-3.5.4.jar:3.5.4]
	at org.springframework.boot.SpringApplication.refresh(SpringApplication.java:752) ~[spring-boot-3.5.4.jar:3.5.4]
	at org.springframework.boot.SpringApplication.refreshContext(SpringApplication.java:439) ~[spring-boot-3.5.4.jar:3.5.4]
	at org.springframework.boot.SpringApplication.run(SpringApplication.java:318) ~[spring-boot-3.5.4.jar:3.5.4]
	at org.springframework.boot.SpringApplication.run(SpringApplication.java:1361) ~[spring-boot-3.5.4.jar:3.5.4]
	at org.springframework.boot.SpringApplication.run(SpringApplication.java:1350) ~[spring-boot-3.5.4.jar:3.5.4]
	at com.example.demo.DemoApplication.main(DemoApplication.java:14) ~[classes/:na]
Caused by: io.micrometer.core.instrument.search.MeterNotFoundException: Unable to find a meter that matches all the requirements at once. Here's what was found:
   FAIL: No meter with name 'system.cpu.usage' was found.
   FAIL: No meters with type gauge were found.
	at io.micrometer.core.instrument.search.MeterNotFoundException$FromRequiredSearch.build(MeterNotFoundException.java:245) ~[micrometer-core-1.15.2.jar:1.15.2]
	at io.micrometer.core.instrument.search.MeterNotFoundException$FromRequiredSearch.access$100(MeterNotFoundException.java:49) ~[micrometer-core-1.15.2.jar:1.15.2]
	at io.micrometer.core.instrument.search.MeterNotFoundException.forSearch(MeterNotFoundException.java:46) ~[micrometer-core-1.15.2.jar:1.15.2]
	at io.micrometer.core.instrument.search.RequiredSearch.lambda$getOne$1(RequiredSearch.java:199) ~[micrometer-core-1.15.2.jar:1.15.2]
	at java.base/java.util.Optional.orElseThrow(Optional.java:403) ~[na:na]
	at io.micrometer.core.instrument.search.RequiredSearch.getOne(RequiredSearch.java:199) ~[micrometer-core-1.15.2.jar:1.15.2]
	at io.micrometer.core.instrument.search.RequiredSearch.gauge(RequiredSearch.java:138) ~[micrometer-core-1.15.2.jar:1.15.2]
	at com.example.demo.jobs.MetricsPoller.lambda$pollAndLog$1(MetricsPoller.java:45) ~[classes/:na]
	at java.base/java.util.ArrayList.forEach(ArrayList.java:1597) ~[na:na]
	at com.example.demo.jobs.MetricsPoller.pollAndLog(MetricsPoller.java:43) ~[classes/:na]
	at java.base/jdk.internal.reflect.DirectMethodHandleAccessor.invoke(DirectMethodHandleAccessor.java:103) ~[na:na]
	at java.base/java.lang.reflect.Method.invoke(Method.java:580) ~[na:na]
	at org.springframework.beans.factory.annotation.InitDestroyAnnotationBeanPostProcessor$LifecycleMethod.invoke(InitDestroyAnnotationBeanPostProcessor.java:457) ~[spring-beans-6.2.9.jar:6.2.9]
	at org.springframework.beans.factory.annotation.InitDestroyAnnotationBeanPostProcessor$LifecycleMetadata.invokeInitMethods(InitDestroyAnnotationBeanPostProcessor.java:401) ~[spring-beans-6.2.9.jar:6.2.9]
	at org.springframework.beans.factory.annotation.InitDestroyAnnotationBeanPostProcessor.postProcessBeforeInitialization(InitDestroyAnnotationBeanPostProcessor.java:219) ~[spring-beans-6.2.9.jar:6.2.9]
	... 20 common frames omitted

2025-08-26T00:48:48.908+05:30  INFO 6612 --- [main] com.example.demo.DemoApplication         : Starting DemoApplication using Java 23.0.2 with PID 6612 (C:\Maitrik Personal\Ramesh\demo 8[1]\demo 8\target\classes started by Lenovo in C:\Maitrik Personal\Ramesh\demo 8[1]\demo 8)
2025-08-26T00:48:48.928+05:30  INFO 6612 --- [main] com.example.demo.DemoApplication         : No active profile set, falling back to 1 default profile: "default"
2025-08-26T00:49:35.864+05:30  WARN 6612 --- [main] onfigReactiveWebServerApplicationContext : Exception encountered during context initialization - cancelling refresh attempt: org.springframework.beans.factory.BeanCreationException: Error creating bean with name 'metricsPoller': Invocation of init method failed
2025-08-26T00:49:35.885+05:30  INFO 6612 --- [main] .s.b.a.l.ConditionEvaluationReportLogger : 

Error starting ApplicationContext. To display the condition evaluation report re-run your application with 'debug' enabled.
2025-08-26T00:49:35.917+05:30 ERROR 6612 --- [main] o.s.boot.SpringApplication               : Application run failed

org.springframework.beans.factory.BeanCreationException: Error creating bean with name 'metricsPoller': Invocation of init method failed
	at org.springframework.beans.factory.annotation.InitDestroyAnnotationBeanPostProcessor.postProcessBeforeInitialization(InitDestroyAnnotationBeanPostProcessor.java:222) ~[spring-beans-6.2.9.jar:6.2.9]
	at org.springframework.beans.factory.support.AbstractAutowireCapableBeanFactory.applyBeanPostProcessorsBeforeInitialization(AbstractAutowireCapableBeanFactory.java:429) ~[spring-beans-6.2.9.jar:6.2.9]
	at org.springframework.beans.factory.support.AbstractAutowireCapableBeanFactory.initializeBean(AbstractAutowireCapableBeanFactory.java:1818) ~[spring-beans-6.2.9.jar:6.2.9]
	at org.springframework.beans.factory.support.AbstractAutowireCapableBeanFactory.doCreateBean(AbstractAutowireCapableBeanFactory.java:607) ~[spring-beans-6.2.9.jar:6.2.9]
	at org.springframework.beans.factory.support.AbstractAutowireCapableBeanFactory.createBean(AbstractAutowireCapableBeanFactory.java:529) ~[spring-beans-6.2.9.jar:6.2.9]
	at org.springframework.beans.factory.support.AbstractBeanFactory.lambda$doGetBean$0(AbstractBeanFactory.java:339) ~[spring-beans-6.2.9.jar:6.2.9]
	at org.springframework.beans.factory.support.DefaultSingletonBeanRegistry.getSingleton(DefaultSingletonBeanRegistry.java:373) ~[spring-beans-6.2.9.jar:6.2.9]
	at org.springframework.beans.factory.support.AbstractBeanFactory.doGetBean(AbstractBeanFactory.java:337) ~[spring-beans-6.2.9.jar:6.2.9]
	at org.springframework.beans.factory.support.AbstractBeanFactory.getBean(AbstractBeanFactory.java:202) ~[spring-beans-6.2.9.jar:6.2.9]
	at org.springframework.beans.factory.support.DefaultListableBeanFactory.instantiateSingleton(DefaultListableBeanFactory.java:1222) ~[spring-beans-6.2.9.jar:6.2.9]
	at org.springframework.beans.factory.support.DefaultListableBeanFactory.preInstantiateSingleton(DefaultListableBeanFactory.java:1188) ~[spring-beans-6.2.9.jar:6.2.9]
	at org.springframework.beans.factory.support.DefaultListableBeanFactory.preInstantiateSingletons(DefaultListableBeanFactory.java:1123) ~[spring-beans-6.2.9.jar:6.2.9]
	at org.springframework.context.support.AbstractApplicationContext.finishBeanFactoryInitialization(AbstractApplicationContext.java:987) ~[spring-context-6.2.9.jar:6.2.9]
	at org.springframework.context.support.AbstractApplicationContext.refresh(AbstractApplicationContext.java:627) ~[spring-context-6.2.9.jar:6.2.9]
	at org.springframework.boot.web.reactive.context.ReactiveWebServerApplicationContext.refresh(ReactiveWebServerApplicationContext.java:66) ~[spring-boot-3.5.4.jar:3.5.4]
	at org.springframework.boot.SpringApplication.refresh(SpringApplication.java:752) ~[spring-boot-3.5.4.jar:3.5.4]
	at org.springframework.boot.SpringApplication.refreshContext(SpringApplication.java:439) ~[spring-boot-3.5.4.jar:3.5.4]
	at org.springframework.boot.SpringApplication.run(SpringApplication.java:318) ~[spring-boot-3.5.4.jar:3.5.4]
	at org.springframework.boot.SpringApplication.run(SpringApplication.java:1361) ~[spring-boot-3.5.4.jar:3.5.4]
	at org.springframework.boot.SpringApplication.run(SpringApplication.java:1350) ~[spring-boot-3.5.4.jar:3.5.4]
	at com.example.demo.DemoApplication.main(DemoApplication.java:14) ~[classes/:na]
Caused by: io.micrometer.core.instrument.search.MeterNotFoundException: Unable to find a meter that matches all the requirements at once. Here's what was found:
   FAIL: No meter with name 'system.cpu.usage' was found.
   FAIL: No meters with type gauge were found.
	at io.micrometer.core.instrument.search.MeterNotFoundException$FromRequiredSearch.build(MeterNotFoundException.java:245) ~[micrometer-core-1.15.2.jar:1.15.2]
	at io.micrometer.core.instrument.search.MeterNotFoundException$FromRequiredSearch.access$100(MeterNotFoundException.java:49) ~[micrometer-core-1.15.2.jar:1.15.2]
	at io.micrometer.core.instrument.search.MeterNotFoundException.forSearch(MeterNotFoundException.java:46) ~[micrometer-core-1.15.2.jar:1.15.2]
	at io.micrometer.core.instrument.search.RequiredSearch.lambda$getOne$1(RequiredSearch.java:199) ~[micrometer-core-1.15.2.jar:1.15.2]
	at java.base/java.util.Optional.orElseThrow(Optional.java:403) ~[na:na]
	at io.micrometer.core.instrument.search.RequiredSearch.getOne(RequiredSearch.java:199) ~[micrometer-core-1.15.2.jar:1.15.2]
	at io.micrometer.core.instrument.search.RequiredSearch.gauge(RequiredSearch.java:138) ~[micrometer-core-1.15.2.jar:1.15.2]
	at com.example.demo.jobs.MetricsPoller.lambda$pollAndLog$1(MetricsPoller.java:46) ~[classes/:na]
	at java.base/java.util.ArrayList.forEach(ArrayList.java:1597) ~[na:na]
	at com.example.demo.jobs.MetricsPoller.pollAndLog(MetricsPoller.java:44) ~[classes/:na]
	at java.base/jdk.internal.reflect.DirectMethodHandleAccessor.invoke(DirectMethodHandleAccessor.java:103) ~[na:na]
	at java.base/java.lang.reflect.Method.invoke(Method.java:580) ~[na:na]
	at org.springframework.beans.factory.annotation.InitDestroyAnnotationBeanPostProcessor$LifecycleMethod.invoke(InitDestroyAnnotationBeanPostProcessor.java:457) ~[spring-beans-6.2.9.jar:6.2.9]
	at org.springframework.beans.factory.annotation.InitDestroyAnnotationBeanPostProcessor$LifecycleMetadata.invokeInitMethods(InitDestroyAnnotationBeanPostProcessor.java:401) ~[spring-beans-6.2.9.jar:6.2.9]
	at org.springframework.beans.factory.annotation.InitDestroyAnnotationBeanPostProcessor.postProcessBeforeInitialization(InitDestroyAnnotationBeanPostProcessor.java:219) ~[spring-beans-6.2.9.jar:6.2.9]
	... 20 common frames omitted

2025-08-26T00:49:47.771+05:30  INFO 17792 --- [main] com.example.demo.DemoApplication         : Starting DemoApplication using Java 23.0.2 with PID 17792 (C:\Maitrik Personal\Ramesh\demo 8[1]\demo 8\target\classes started by Lenovo in C:\Maitrik Personal\Ramesh\demo 8[1]\demo 8)
2025-08-26T00:49:47.776+05:30  INFO 17792 --- [main] com.example.demo.DemoApplication         : No active profile set, falling back to 1 default profile: "default"
